mode=framed sram=1 windowQuanta=400000 walkQuanta=8192 note=0 impulse=0 deadline=1800s
patch="Bells demo" bytes=2387
board: G2_MCU_CORE_CLOCK_HZ = 162000000 is derived from the schematic CLKIN label and the PLL multiplier, and is not scope-measured
sram image bytes = 1946
dspCount=8 hopFrames=1 lookaheadFrames=1
boot: quanta=44516 booted=1 programsLanded=1 halted=0 chainAttached=1 pc=0x3004B562 t=2.21956s
pch2LoadFramed = PCH2-LOADED
composed message bytes = 2326
  progress q=50000 pc=0x30055FBC chainAttached=1 t=5.35288s
  progress q=100000 pc=0x3004B55E chainAttached=1 t=8.88309s
  progress q=150000 pc=0x30005C56 chainAttached=1 t=12.8308s
  progress q=200000 pc=0x300E1184 chainAttached=1 t=14.4058s
  progress q=250000 pc=0x300173FE chainAttached=1 t=16.265s
  progress q=300000 pc=0x300E1162 chainAttached=1 t=17.9492s
  progress q=350000 pc=0x3004B558 chainAttached=1 t=19.4382s
  progress q=400000 pc=0x300558A4 chainAttached=1 t=22.5104s
window: ranQuanta=400000 totalQuanta=444517 pc=0x300558A4 halted=0 faulted=0 chainAttached=1 frameIndex=444517 t=22.5105s
patch chain in SDRAM: 0x30257B7E
patch name in SDRAM: 0x30267A0A
cs4: bankWrites=0 holeWrites=2098768
play: primedPulled=1 of 1
WALK: framesRequested=8192 framesReturned=8192 nonZeroFrames=0 firstNonZeroQuantum=-1 range=[0, 0]
WALK: firstNonZero slot0=0 slot1=0
WALK: nonZero per slot = [0]=0 [1]=0 [2]=0 [3]=0 [4]=0 [5]=0 [6]=0 [7]=0
WALK: magnitude buckets (2^n, non-empty) = 0:65536
  dsp 0 instructionsInWalk=6447363 enabledTx=3 txWords=2 dmaSource=7938 txBufferNonZeroWords=0 of 8 firstNonZero=0 cycleDebt=9 longDispatch=0
  dsp 1 instructionsInWalk=6433025 enabledTx=3 txWords=8 dmaSource=7938 txBufferNonZeroWords=0 of 32 firstNonZero=0 cycleDebt=5 longDispatch=0
  dsp 2 instructionsInWalk=6433025 enabledTx=3 txWords=8 dmaSource=7938 txBufferNonZeroWords=0 of 32 firstNonZero=0 cycleDebt=5 longDispatch=0
  dsp 3 instructionsInWalk=6467829 enabledTx=3 txWords=8 dmaSource=7170 txBufferNonZeroWords=0 of 32 firstNonZero=0 cycleDebt=2 longDispatch=0
  dsp 4 instructionsInWalk=6433025 enabledTx=3 txWords=8 dmaSource=7938 txBufferNonZeroWords=0 of 32 firstNonZero=0 cycleDebt=5 longDispatch=0
  dsp 5 instructionsInWalk=6433025 enabledTx=3 txWords=8 dmaSource=7938 txBufferNonZeroWords=0 of 32 firstNonZero=0 cycleDebt=5 longDispatch=0
  dsp 6 instructionsInWalk=6433025 enabledTx=3 txWords=8 dmaSource=7938 txBufferNonZeroWords=0 of 32 firstNonZero=0 cycleDebt=5 longDispatch=0
  dsp 7 instructionsInWalk=6433025 enabledTx=3 txWords=8 dmaSource=7170 txBufferNonZeroWords=0 of 32 firstNonZero=0 cycleDebt=5 longDispatch=0
  dsp 0 memory digest X=a7e20dc8a4870ae1/nz=1624 Y=2464cfb957deceb8/nz=2681 P=3f664a4997c237f1/nz=434
  dsp 1 memory digest X=7cc0a701b5ea3809/nz=1625 Y=085418d918792861/nz=2681 P=0416150e3d454510/nz=417
  dsp 2 memory digest X=ab4f1df623508dfd/nz=1624 Y=02c2d090b4ee5af0/nz=2681 P=0416150e3d454510/nz=417
  dsp 3 memory digest X=c0adf56b9d856bfd/nz=1624 Y=bca138d3eff1aef0/nz=2681 P=abb4949050afa01f/nz=452
  dsp 4 memory digest X=7cc0a701b5ea3809/nz=1625 Y=085418d918792861/nz=2681 P=0416150e3d454510/nz=417
  dsp 5 memory digest X=ab4f1df623508dfd/nz=1624 Y=02c2d090b4ee5af0/nz=2681 P=0416150e3d454510/nz=417
  dsp 6 memory digest X=7cc0a701b5ea3809/nz=1625 Y=085418d918792861/nz=2681 P=0416150e3d454510/nz=417
  dsp 7 memory digest X=2c80068eabc21009/nz=1625 Y=36cc62df672a87d9/nz=2681 P=0416150e3d454510/nz=417
  mcu cycleDebt=0 longDispatch=0
chain health: starved=0 overflow=0 dropped=0 underflow=0 chainAttached=1
  position 0 underrunFrames=0 secondBusUnderrunFrames=0 phaseErrorFrames=0
  position 1 underrunFrames=0 secondBusUnderrunFrames=0 phaseErrorFrames=0
  position 2 underrunFrames=0 secondBusUnderrunFrames=0 phaseErrorFrames=0
  position 3 underrunFrames=0 secondBusUnderrunFrames=0 phaseErrorFrames=0
  position 4 underrunFrames=0 secondBusUnderrunFrames=0 phaseErrorFrames=0
  position 5 underrunFrames=0 secondBusUnderrunFrames=0 phaseErrorFrames=0
  position 6 underrunFrames=0 secondBusUnderrunFrames=0 phaseErrorFrames=0
  position 7 underrunFrames=0 secondBusUnderrunFrames=0 phaseErrorFrames=0
known positive: tailPortFound=1 tailPort=0
known positive: quantaTried=1 arrival=0 exact=1 slot0=2846033 slot1=2846033 expected=2846033
log lines seen = 162882
elapsed = 23.1931s
NOT VERIFIED diagnostic instrument; no assertion is made here
gated tests: run=1 passed=1 failed=0 skipped=0 -- PASS
