mode=none sram=1 windowQuanta=400000 walkQuanta=8192 note=1 impulse=0 deadline=2400s
patch="BackTo72 demo" bytes=3868
board: G2_MCU_CORE_CLOCK_HZ = 162000000 is derived from the schematic CLKIN label and the PLL multiplier, and is not scope-measured
sram image bytes = 1946
dspCount=8 hopFrames=1 lookaheadFrames=1
boot: quanta=44516 booted=1 programsLanded=1 halted=0 chainAttached=1 pc=0x3004B562 t=3.7729s
no delivery (the negative control arm)
  progress q=50000 pc=0x30055FBC chainAttached=1 t=8.93904s
  progress q=100000 pc=0x30003E30 chainAttached=1 t=12.7389s
  progress q=150000 pc=0x30005C60 chainAttached=1 t=16.2806s
  progress q=200000 pc=0x30001B38 chainAttached=1 t=19.5508s
  progress q=250000 pc=0x30003926 chainAttached=1 t=22.3274s
  progress q=300000 pc=0x30026E38 chainAttached=1 t=24.8695s
  progress q=350000 pc=0x3005BDB6 chainAttached=1 t=27.2865s
  progress q=400000 pc=0x30029DCA chainAttached=1 t=30.1265s
window: ranQuanta=400000 totalQuanta=444517 pc=0x30029DCA halted=0 faulted=0 chainAttached=1 frameIndex=444517 t=30.1266s
patch chain in SDRAM: (nothing delivered)
patch name in SDRAM: absent
cs4: bankWrites=0 holeWrites=2099015
midi: before any byte, usr=0xc interruptAsserted=0 uivr=0x42
midi: posted=12 accepted=12 dropped=0 consumedByFirmware=12 usrAfter=0xc
midi known negative: burst posted 8 without running the machine, acceptedBeforeFull=3 usr=0xf
note: ran 40000 further quanta, pc=0x3004B55C t=32.2666s
play: primedPulled=1 of 1
WALK: framesRequested=8192 framesReturned=8192 nonZeroFrames=0 firstNonZeroQuantum=-1 range=[0, 0]
WALK: firstNonZero slot0=0 slot1=0
WALK: nonZero per slot = [0]=0 [1]=0 [2]=0 [3]=0 [4]=0 [5]=0 [6]=0 [7]=0
WALK: magnitude buckets (2^n, non-empty) = 0:65536
  dsp 0 instructionsInWalk=6447363 enabledTx=3 txWords=2 dmaSource=7682 txBufferNonZeroWords=0 of 8 firstNonZero=0 cycleDebt=9 longDispatch=0
  dsp 1 instructionsInWalk=6433025 enabledTx=3 txWords=8 dmaSource=7682 txBufferNonZeroWords=0 of 32 firstNonZero=0 cycleDebt=5 longDispatch=0
  dsp 2 instructionsInWalk=6433025 enabledTx=3 txWords=8 dmaSource=7682 txBufferNonZeroWords=0 of 32 firstNonZero=0 cycleDebt=5 longDispatch=0
  dsp 3 instructionsInWalk=6467826 enabledTx=3 txWords=8 dmaSource=7426 txBufferNonZeroWords=0 of 32 firstNonZero=0 cycleDebt=7 longDispatch=0
  dsp 4 instructionsInWalk=6433025 enabledTx=3 txWords=8 dmaSource=7682 txBufferNonZeroWords=0 of 32 firstNonZero=0 cycleDebt=5 longDispatch=0
  dsp 5 instructionsInWalk=6433025 enabledTx=3 txWords=8 dmaSource=7682 txBufferNonZeroWords=0 of 32 firstNonZero=0 cycleDebt=5 longDispatch=0
  dsp 6 instructionsInWalk=6433025 enabledTx=3 txWords=8 dmaSource=7682 txBufferNonZeroWords=0 of 32 firstNonZero=0 cycleDebt=5 longDispatch=0
  dsp 7 instructionsInWalk=6433025 enabledTx=3 txWords=8 dmaSource=7426 txBufferNonZeroWords=0 of 32 firstNonZero=0 cycleDebt=5 longDispatch=0
  dsp 0 memory digest X=591463a59eb8a46a/nz=1625 Y=0ab53489b778e5c2/nz=2681 P=3f664a4997c237f1/nz=434
  dsp 1 memory digest X=56deb2a9f793f0b2/nz=1624 Y=5502bce0af4fef33/nz=2681 P=0416150e3d454510/nz=417
  dsp 2 memory digest X=000ad2871a8ea982/nz=1625 Y=93f928e2607c78c6/nz=2681 P=0416150e3d454510/nz=417
  dsp 3 memory digest X=1db10628d27bc06a/nz=1625 Y=191d0699736dc3c2/nz=2681 P=abb4949050afa01f/nz=452
  dsp 4 memory digest X=56deb2a9f793f0b2/nz=1624 Y=5502bce0af4fef33/nz=2681 P=0416150e3d454510/nz=417
  dsp 5 memory digest X=000ad2871a8ea982/nz=1625 Y=93f928e2607c78c6/nz=2681 P=0416150e3d454510/nz=417
  dsp 6 memory digest X=56deb2a9f793f0b2/nz=1624 Y=5502bce0af4fef33/nz=2681 P=0416150e3d454510/nz=417
  dsp 7 memory digest X=51ec449a6e71f06e/nz=1624 Y=c547b540a475c133/nz=2681 P=0416150e3d454510/nz=417
  dsp 0 pc regions (256-word, top 6 of 1): 0x00000200=8192
  dsp 1 pc regions (256-word, top 6 of 1): 0x00000200=8192
  dsp 2 pc regions (256-word, top 6 of 1): 0x00000200=8192
  dsp 3 pc regions (256-word, top 6 of 1): 0x00000200=8192
  dsp 4 pc regions (256-word, top 6 of 1): 0x00000200=8192
  dsp 5 pc regions (256-word, top 6 of 1): 0x00000200=8192
  dsp 6 pc regions (256-word, top 6 of 1): 0x00000200=8192
  dsp 7 pc regions (256-word, top 6 of 1): 0x00000200=8192
  mcu cycleDebt=3 longDispatch=0
chain health: starved=0 overflow=0 dropped=0 underflow=0 chainAttached=1
  position 0 underrunFrames=0 secondBusUnderrunFrames=0 phaseErrorFrames=0
  position 1 underrunFrames=0 secondBusUnderrunFrames=0 phaseErrorFrames=0
  position 2 underrunFrames=0 secondBusUnderrunFrames=0 phaseErrorFrames=0
  position 3 underrunFrames=0 secondBusUnderrunFrames=0 phaseErrorFrames=0
  position 4 underrunFrames=0 secondBusUnderrunFrames=0 phaseErrorFrames=0
  position 5 underrunFrames=0 secondBusUnderrunFrames=0 phaseErrorFrames=0
  position 6 underrunFrames=0 secondBusUnderrunFrames=0 phaseErrorFrames=0
  position 7 underrunFrames=0 secondBusUnderrunFrames=0 phaseErrorFrames=0
known positive: tailPortFound=1 tailPort=0
known positive: quantaTried=1 arrival=0 exact=1 slot0=2846033 slot1=2846033 expected=2846033
log lines seen = 150696
elapsed = 32.6681s
NOT VERIFIED diagnostic instrument; no assertion is made here
gated tests: run=1 passed=1 failed=0 skipped=0 -- PASS
