mode=framed sram=1 windowQuanta=400000 walkQuanta=8192 note=0 impulse=0 deadline=1800s
patch="Anthem demo" bytes=2478
board: G2_MCU_CORE_CLOCK_HZ = 162000000 is derived from the schematic CLKIN label and the PLL multiplier, and is not scope-measured
sram image bytes = 1946
dspCount=8 hopFrames=1 lookaheadFrames=1
boot: quanta=44516 booted=1 programsLanded=1 halted=0 chainAttached=1 pc=0x3004B562 t=2.51937s
pch2LoadFramed = PCH2-LOADED
composed message bytes = 2418
  progress q=50000 pc=0x30055FBA chainAttached=1 t=6.01385s
  progress q=100000 pc=0x30003DC0 chainAttached=1 t=9.19686s
  progress q=150000 pc=0x30005CF4 chainAttached=1 t=10.9231s
  progress q=200000 pc=0x3000391A chainAttached=1 t=12.1198s
  progress q=250000 pc=0x300E1158 chainAttached=1 t=13.3657s
  progress q=300000 pc=0x300E118E chainAttached=1 t=14.5409s
  progress q=350000 pc=0x30029DC8 chainAttached=1 t=15.8781s
  progress q=400000 pc=0x3005BDB6 chainAttached=1 t=17.8563s
window: ranQuanta=400000 totalQuanta=444517 pc=0x3005BDB6 halted=0 faulted=0 chainAttached=1 frameIndex=444517 t=17.8563s
patch chain in SDRAM: 0x30257B7D
patch name in SDRAM: 0x30267A0A
cs4: bankWrites=0 holeWrites=2098730
play: primedPulled=1 of 1
WALK: framesRequested=8192 framesReturned=8192 nonZeroFrames=0 firstNonZeroQuantum=-1 range=[0, 0]
WALK: firstNonZero slot0=0 slot1=0
WALK: nonZero per slot = [0]=0 [1]=0 [2]=0 [3]=0 [4]=0 [5]=0 [6]=0 [7]=0
WALK: magnitude buckets (2^n, non-empty) = 0:65536
  dsp 0 instructionsInWalk=6447363 enabledTx=3 txWords=2 dmaSource=7170 txBufferNonZeroWords=0 of 8 firstNonZero=0 cycleDebt=9 longDispatch=0
  dsp 1 instructionsInWalk=6433025 enabledTx=3 txWords=8 dmaSource=7170 txBufferNonZeroWords=0 of 32 firstNonZero=0 cycleDebt=5 longDispatch=0
  dsp 2 instructionsInWalk=6433025 enabledTx=3 txWords=8 dmaSource=7170 txBufferNonZeroWords=0 of 32 firstNonZero=0 cycleDebt=5 longDispatch=0
  dsp 3 instructionsInWalk=6467830 enabledTx=3 txWords=8 dmaSource=7170 txBufferNonZeroWords=0 of 32 firstNonZero=0 cycleDebt=5 longDispatch=0
  dsp 4 instructionsInWalk=6433025 enabledTx=3 txWords=8 dmaSource=7170 txBufferNonZeroWords=0 of 32 firstNonZero=0 cycleDebt=5 longDispatch=0
  dsp 5 instructionsInWalk=6433025 enabledTx=3 txWords=8 dmaSource=7170 txBufferNonZeroWords=0 of 32 firstNonZero=0 cycleDebt=5 longDispatch=0
  dsp 6 instructionsInWalk=6433025 enabledTx=3 txWords=8 dmaSource=7170 txBufferNonZeroWords=0 of 32 firstNonZero=0 cycleDebt=5 longDispatch=0
  dsp 7 instructionsInWalk=6433025 enabledTx=3 txWords=8 dmaSource=7170 txBufferNonZeroWords=0 of 32 firstNonZero=0 cycleDebt=5 longDispatch=0
  dsp 0 memory digest X=a54d2883640190e1/nz=1624 Y=bca138d3eff1aef0/nz=2681 P=3f664a4997c237f1/nz=434
  dsp 1 memory digest X=2c80068eabc21009/nz=1625 Y=36cc62df672a87d9/nz=2681 P=0416150e3d454510/nz=417
  dsp 2 memory digest X=c0adf56b9d856bfd/nz=1624 Y=c7b90f654bc00061/nz=2681 P=0416150e3d454510/nz=417
  dsp 3 memory digest X=a54d2883640190e1/nz=1624 Y=bca138d3eff1aef0/nz=2681 P=abb4949050afa01f/nz=452
  dsp 4 memory digest X=2c80068eabc21009/nz=1625 Y=36cc62df672a87d9/nz=2681 P=0416150e3d454510/nz=417
  dsp 5 memory digest X=c0adf56b9d856bfd/nz=1624 Y=c7b90f654bc00061/nz=2681 P=0416150e3d454510/nz=417
  dsp 6 memory digest X=2c80068eabc21009/nz=1625 Y=36cc62df672a87d9/nz=2681 P=0416150e3d454510/nz=417
  dsp 7 memory digest X=615ba0e8da3e64f1/nz=1625 Y=c7b90f654bc00061/nz=2681 P=0416150e3d454510/nz=417
  mcu cycleDebt=3 longDispatch=0
chain health: starved=0 overflow=0 dropped=0 underflow=0 chainAttached=1
  position 0 underrunFrames=0 secondBusUnderrunFrames=0 phaseErrorFrames=0
  position 1 underrunFrames=0 secondBusUnderrunFrames=0 phaseErrorFrames=0
  position 2 underrunFrames=0 secondBusUnderrunFrames=0 phaseErrorFrames=0
  position 3 underrunFrames=0 secondBusUnderrunFrames=0 phaseErrorFrames=0
  position 4 underrunFrames=0 secondBusUnderrunFrames=0 phaseErrorFrames=0
  position 5 underrunFrames=0 secondBusUnderrunFrames=0 phaseErrorFrames=0
  position 6 underrunFrames=0 secondBusUnderrunFrames=0 phaseErrorFrames=0
  position 7 underrunFrames=0 secondBusUnderrunFrames=0 phaseErrorFrames=0
known positive: tailPortFound=1 tailPort=0
known positive: quantaTried=1 arrival=0 exact=1 slot0=2846033 slot1=2846033 expected=2846033
log lines seen = 162850
elapsed = 18.1966s
NOT VERIFIED diagnostic instrument; no assertion is made here
gated tests: run=1 passed=1 failed=0 skipped=0 -- PASS
